IQ-TREE multicore version 2.0.3 for Linux 64-bit built Dec 20 2020
Developed by Bui Quang Minh, Nguyen Lam Tung, Olga Chernomor,
Heiko Schmidt, Dominik Schrempf, Michael Woodhams.

Host:    alpha2.cvr.gla.ac.uk (AVX512, FMA3, 4031 GB RAM)
Command: iqtree -s PHL/Alignment/PHL_combined_aligned.fasta -B 1000 -m GTR+F+R6 -nt AUTO
Seed:    732625 (Using SPRNG - Scalable Parallel Random Number Generator)
Time:    Tue Dec 16 15:31:12 2025
Kernel:  AVX+FMA - auto-detect threads (224 CPU cores detected)

Reading alignment file PHL/Alignment/PHL_combined_aligned.fasta ... Fasta format detected
Alignment most likely contains DNA/RNA sequences
WARNING: 419 sites contain only gaps or ambiguous characters.
Alignment has 1188 sequences with 12385 columns, 6345 distinct patterns
4946 parsimony-informative, 764 singleton sites, 6675 constant sites
                   Gap/Ambiguity  Composition  p-value
   1  MT107888             3.92%    passed     99.39%
   2  MW057694             3.89%    passed     97.87%
   3  MW057695             4.08%    passed     97.86%
   4  OK135144             3.74%    passed     98.67%
   5  OK135145             3.73%    passed     98.28%
   6  OK135146             4.04%    passed     97.68%
   7  OK135147             3.73%    passed     98.72%
   8  OK135148             3.73%    passed     99.44%
   9  EU478492            89.10%    passed     45.50%
  10  EU478493            89.10%    passed     56.52%
  11  EU478494            89.10%    passed     52.03%
  12  EU478495            89.10%    passed     52.03%
  13  EU478496            89.10%    passed     52.03%
  14  EU478497            89.10%    passed     48.83%
  15  EU478498            89.10%    passed     57.43%
  16  EU478499            89.10%    passed     57.43%
  17  EU478500            89.09%    passed     51.52%
  18  EU478501            89.10%    passed     49.85%
  19  EU478502            89.10%    passed     39.03%
  20  EU478503            89.10%    passed     58.83%
  21  EU478504            89.10%    passed     58.83%
  22  EU478505            89.10%    passed     49.85%
  23  EU478506            89.10%    passed     52.48%
  24  EU478507            89.10%    passed     52.03%
  25  EU478508            89.10%    passed     54.25%
  26  EU478509            89.10%    passed     52.82%
  27  EU478510            89.10%    passed     60.02%
  28  EU478511            89.10%    passed     55.38%
  29  EU478512            89.10%    passed     52.82%
  30  EU478513            89.10%    passed     54.03%
  31  EU478514            89.10%    passed     52.03%
  32  EU478515            89.10%    passed     36.22%
  33  EU478516            89.10%    passed     53.34%
  34  EU478517            89.10%    passed     47.70%
  35  EU478518            89.10%    passed     43.61%
  36  EU478519            89.10%    passed     49.85%
  37  EU478520            89.10%    passed     53.34%
  38  EU478521            89.10%    passed     49.85%
  39  EU478522            89.10%    passed     49.85%
  40  EU478523            89.10%    passed     57.22%
  41  EU478524            89.10%    passed     49.85%
  42  EU514571            89.10%    passed     47.17%
  43  EU514572            89.08%    passed     49.66%
  44  EU514573            89.10%    passed     56.90%
  45  EU514574            89.10%    passed     56.90%
  46  EU514575            89.10%    passed     65.30%
  47  EU514576            89.10%    passed     67.17%
  48  EU514577            89.08%    passed     65.90%
  49  EU514578            89.08%    passed     60.90%
  50  EU514579            89.08%    passed     60.90%
  51  EU514580            89.10%    passed     67.17%
  52  EU514581            89.10%    passed     65.97%
  53  EU718735            89.10%    passed     38.37%
  54  EU718736            89.10%    passed     38.37%
  55  EU718737            89.10%    passed     45.27%
  56  EU718738            89.10%    passed     38.37%
  57  EU718739            89.10%    passed     45.27%
  58  EU718740            89.10%    passed     48.40%
  59  EU718741            89.10%    passed     38.37%
  60  EU718742            89.10%    passed     45.26%
  61  EU718743            89.10%    passed     38.77%
  62  EU718744            89.10%    passed     45.27%
  63  EU718745            89.10%    passed     38.37%
  64  EU718746            89.10%    passed     45.26%
  65  EU718747            89.10%    passed     45.27%
  66  EU718748            89.10%    passed     45.27%
  67  EU718749            89.10%    passed     45.27%
  68  EU718750            89.10%    passed     48.40%
  69  EU718751            89.10%    passed     38.37%
  70  EU718752            89.10%    passed     45.26%
  71  EU718753            89.10%    passed     45.26%
  72  EU718754            89.10%    passed     45.27%
  73  EU718755            89.10%    passed     45.26%
  74  EU718756            89.10%    passed     45.27%
  75  EU718757            89.10%    passed     45.27%
  76  EU718758            89.10%    passed     45.26%
  77  EU718759            89.10%    passed     49.10%
  78  EU718760            89.10%    passed     45.27%
  79  EU718761            89.10%    passed     48.40%
  80  EU718762            89.10%    passed     42.11%
  81  EU718763            89.10%    passed     45.26%
  82  EU718764            89.10%    passed     45.26%
  83  EU718766            89.10%    passed     42.09%
  84  EU718767            89.10%    passed     48.40%
  85  EU718768            89.10%    passed     42.09%
  86  EU718769            89.10%    passed     45.26%
  87  EU718770            89.10%    passed     42.09%
  88  EU718771            89.10%    passed     35.52%
  89  EU718772            89.10%    passed     45.26%
  90  EU718773            89.10%    passed     45.26%
  91  EU718774            89.10%    passed     45.27%
  92  EU718775            89.10%    passed     45.27%
  93  EU718776            89.10%    passed     38.37%
  94  EU718777            89.10%    passed     38.37%
  95  EU718778            89.10%    passed     45.27%
  96  EU718779            89.10%    passed     45.27%
  97  EU718780            89.10%    passed     45.27%
  98  EU718781            89.10%    passed     45.27%
  99  EU718782            89.10%    passed     45.27%
 100  EU718783            89.10%    passed     37.27%
 101  EU718784            89.10%    passed     45.26%
 102  EU718785            89.10%    passed     42.09%
 103  EU718786            89.10%    passed     45.27%
 104  EU718787            89.10%    passed     45.26%
 105  EU827268            89.10%    passed     52.03%
 106  EU827269            89.10%    passed     52.03%
 107  EU827270            89.11%    passed     54.46%
 108  EU827271            89.10%    passed     57.43%
 109  EU827272            89.10%    passed     52.03%
 110  EU827273            89.10%    passed     47.70%
 111  EU827274            89.10%    passed     52.03%
 112  EU827275            89.10%    passed     53.26%
 113  EU853591            89.08%    passed     61.39%
 114  EU853592            89.08%    passed     56.90%
 115  EU853593            89.08%    passed     63.43%
 116  EU853594            89.08%    passed     61.03%
 117  EU853595            89.08%    passed     59.58%
 118  EU853596            89.08%    passed     55.91%
 119  EU853597            89.08%    passed     55.91%
 120  EU853598            89.08%    passed     55.91%
 121  EU853599            89.08%    passed     55.91%
 122  EU853600            89.08%    passed     57.53%
 123  EU853601            89.08%    passed     53.77%
 124  EU853602            89.08%    passed     57.68%
 125  EU853603            89.08%    passed     57.68%
 126  EU853604            89.08%    passed     57.68%
 127  EU853605            89.08%    passed     50.07%
 128  EU853606            89.08%    passed     61.43%
 129  EU853607            89.08%    passed     47.03%
 130  EU853608            89.08%    passed     47.03%
 131  EU853609            89.08%    passed     48.55%
 132  EU853610            89.08%    passed     48.55%
 133  EU853611            89.08%    passed     48.55%
 134  EU853612            89.08%    passed     50.90%
 135  EU853613            89.08%    passed     47.58%
 136  EU853614            89.08%    passed     47.79%
 137  EU853615            89.08%    passed     47.58%
 138  EU853616            89.08%    passed     43.09%
 139  EU853617            89.08%    passed     43.09%
 140  EU853618            89.08%    passed     43.09%
 141  EU853619            89.08%    passed     43.60%
 142  EU853620            89.08%    passed     26.26%
 143  EU853621            89.08%    passed     40.55%
 144  EU853622            89.08%    passed     47.91%
 145  EU853623            89.08%    passed     44.22%
 146  EU853624            89.08%    passed     39.39%
 147  EU853645            89.08%    passed     47.83%
 148  EU853646            89.08%    passed     44.71%
 149  EU853647            89.08%    passed     44.71%
 150  EU853648            89.08%    passed     44.71%
 151  EU853649            89.08%    passed     46.49%
 152  EU853650            89.08%    passed     51.46%
 153  EU853651            89.08%    passed     51.22%
 154  EU853652            89.08%    passed     42.49%
 155  EU853653            89.08%    passed     42.84%
 156  EU853654            89.08%    passed     45.93%
 157  EU853655            89.08%    passed     41.96%
 158  EU853656            89.08%    passed     41.96%
 159  EU853657            89.08%    passed     41.96%
 160  KF022176            89.10%    passed     60.13%
 161  KF022186            89.10%    passed     38.37%
 162  KP345881            89.08%    passed     45.82%
 163  KR080521            89.08%    passed     57.16%
 164  KU564980            89.08%    passed     40.38%
 165  KU564981            89.08%    passed     43.00%
 166  KU564982            89.08%    passed     43.42%
 167  KU564983            89.08%    passed     43.42%
 168  KU564984            89.08%    passed     43.42%
 169  KU564985            89.08%    passed     43.42%
 170  KU564986            89.08%    passed     43.42%
 171  KU564987            89.08%    passed     36.66%
 172  KU564988            89.08%    passed     40.38%
 173  KU564989            89.08%    passed     43.00%
 174  KU564990            89.08%    passed     45.03%
 175  KU564991            89.08%    passed     43.42%
 176  KU564992            89.08%    passed     43.42%
 177  KU564993            89.08%    passed     37.04%
 178  KU564994            89.08%    passed     46.09%
 179  KU564995            89.08%    passed     41.37%
 180  KU564996            89.08%    passed     40.72%
 181  KU564997            89.08%    passed     40.38%
 182  KU564998            89.08%    passed     40.38%
 183  KU564999            89.08%    passed     46.09%
 184  KX148107             3.73%    passed     98.93%
 185  KX148229             4.72%    passed     86.79%
 186  KX148230             4.72%    passed     89.70%
 187  KX148231             4.72%    passed     93.95%
 188  KX148232             4.72%    passed     98.59%
 189  KX148233             4.72%    passed     99.40%
 190  KX148234             4.72%    passed     98.57%
 191  KX148235             4.72%    passed     99.87%
 192  KX148236             4.72%    passed     92.74%
 193  KX148237             4.72%    passed     96.45%
 194  KX148238             4.72%    passed     97.92%
 195  KX148239             4.72%    passed     98.96%
 196  KX148244             4.72%    passed     99.69%
 197  KY124532            89.08%    passed     40.36%
 198  KY124533            89.08%    passed     46.09%
 199  KY124534            89.08%    passed     45.14%
 200  KY124535            89.08%    passed     43.42%
 201  KY124536            89.08%    passed     43.00%
 202  KY124537            89.08%    passed     40.38%
 203  KY124538            89.08%    passed     39.88%
 204  KY124539            89.08%    passed     40.38%
 205  KY124540            89.08%    passed     46.09%
 206  KY124541            89.08%    passed     46.09%
 207  MF538629            89.08%    passed     41.97%
 208  MH481711            89.08%    passed     34.05%
 209  MH481712            89.08%    passed     32.51%
 210  MH481713            89.08%    passed     34.05%
 211  MH514968             3.73%    passed     94.06%
 212  MH514969             3.73%    passed     98.53%
 213  MH514970             3.73%    passed     91.16%
 214  MH514971             3.73%    passed     92.58%
 215  MH514972             3.73%    passed     92.63%
 216  MH514973             3.73%    passed     95.30%
 217  MH514974             3.73%    passed     93.30%
 218  MH514975             3.73%    passed     93.34%
 219  MH514976             3.73%    passed     88.66%
 220  MH514977             3.73%    passed     93.87%
 221  MH514978             3.73%    passed     99.24%
 222  MH514979             3.73%    passed     92.99%
 223  MH514980             3.73%    passed     92.90%
 224  MH514981             3.73%    passed     95.61%
 225  MH514982             3.73%    passed     95.09%
 226  MH514983             3.73%    passed     95.03%
 227  MH514984             3.73%    passed     92.85%
 228  MH514985             3.73%    passed     93.61%
 229  MK471246            89.08%    passed     27.09%
 230  MK471247            89.08%    passed     55.91%
 231  MK471248            89.08%    passed     50.89%
 232  MN049979            89.08%    passed     36.78%
 233  MN049980            89.08%    passed     38.12%
 234  MN049981            89.08%    passed     34.05%
 235  MN049982            89.08%    passed     32.51%
 236  MN049983            89.08%    passed     31.35%
 237  MN049984            89.08%    passed     38.79%
 238  U22485              89.10%    passed     45.65%
 239  U22486              89.10%    passed     37.06%
 240  U22487              89.10%    passed     56.11%
 241  U22639              89.10%    passed     57.87%
 242  U22640              89.10%    passed     55.81%
 243  U22641              89.10%    passed     83.51%
 244  U22644              89.10%    passed     85.47%
 245  U22646              89.10%    passed     47.31%
 246  U22652              89.10%    passed     49.55%
 247  FJ392373            89.08%    passed     43.33%
 248  FJ392377            89.08%    passed     33.68%
 249  FJ392378            89.08%    passed     33.86%
 250  FJ392380            89.08%    passed     43.90%
 251  FJ392390            89.08%    passed     55.25%
 252  JQ692985            89.08%    passed     32.63%
 253  JQ692989            89.08%    passed     60.34%
 254  JQ692994            89.08%    passed     38.73%
 255  JQ692996            89.08%    passed     59.98%
 256  JX088730            89.08%    passed     33.16%
 257  KX148218             4.79%    passed     96.67%
 258  KX148219             4.80%    passed     94.88%
 259  KX148220             4.75%    passed     88.02%
 260  KX148221             4.76%    passed     86.55%
 261  KX148222             4.73%    passed     96.89%
 262  KX148223             4.71%    passed     97.88%
 263  MG458307             4.72%    passed     97.80%
 264  MG458308             4.76%    passed     90.72%
 265  EU038083            89.10%    passed     43.71%
 266  EU038084            89.10%    passed     46.51%
 267  EU038085            89.10%    passed     47.22%
 268  EU038086            89.10%    passed     44.00%
 269  EU038087            89.10%    passed     34.76%
 270  EU038088            89.10%    passed     39.86%
 271  EU038089            89.10%    passed     36.91%
 272  EU038090            89.10%    passed     47.20%
 273  EU038091            89.10%    passed     43.49%
 274  EU038092            89.10%    passed     39.03%
 275  EU038093            89.10%    passed     42.44%
 276  EU038094            89.10%    passed     28.63%
 277  EU038095            89.10%    passed     53.78%
 278  EU038096            89.10%    passed     41.22%
 279  EU038097            89.10%    passed     38.38%
 280  EU038098            89.10%    passed     41.31%
 281  EU038099            89.10%    passed     56.60%
 282  EU038100            89.10%    passed     49.35%
 283  EU038101            89.10%    passed     37.09%
 284  EU038102            89.10%    passed     45.40%
 285  EU038103            89.10%    passed     36.41%
 286  EU038104            89.10%    passed     19.64%
 287  EU038105            89.10%    passed     42.96%
 288  EU038106            89.10%    passed     31.97%
 289  EU038108            89.10%    passed     51.12%
 290  EU038109            89.11%    passed     35.37%
 291  KC196743             3.73%    passed     99.94%
 292  KF022169            89.10%    passed     49.35%
 293  KF022170            89.10%    passed     51.12%
 294  KF022171            89.10%    passed     49.35%
 295  KF022172            89.10%    passed     49.35%
 296  KF022173            89.10%    passed     42.79%
 297  KF022174            89.10%    passed     40.05%
 298  KF022175            89.10%    passed     42.79%
 299  KF022177            89.10%    passed     42.79%
 300  KF022178            89.10%    passed     45.46%
 301  KF022179            89.10%    passed     48.79%
 302  KF022180            89.10%    passed     44.00%
 303  KF022181            89.10%    passed     47.07%
 304  KF022182            89.10%    passed     38.73%
 305  KF022183            89.10%    passed     42.79%
 306  KF022184            89.10%    passed     51.12%
 307  KF022185            89.10%    passed     45.46%
 308  KF022187            89.10%    passed     48.79%
 309  KF022188            89.10%    passed     42.79%
 310  KF022189            89.10%    passed     42.79%
 311  KF022190            89.10%    passed     48.31%
 312  KF022191            89.10%    passed     42.79%
 313  KF022192            89.10%    passed     49.35%
 314  KF977826             3.73%    passed     99.19%
 315  KR080522            89.08%    passed     60.02%
 316  KR080523            89.08%    passed     40.82%
 317  KX148240             4.72%    passed     99.81%
 318  KX148241             4.72%    passed     99.48%
 319  KX148242             4.72%    passed     99.76%
 320  KX148243             4.72%    passed     99.28%
 321  LT909548             3.74%    passed     99.59%
 322  MF538630            89.08%    passed     43.49%
 323  MF538631            89.08%    passed     44.71%
 324  MF577065            89.08%    passed     47.36%
 325  U22634              89.10%    passed     51.12%
 326  U22635              89.10%    passed     44.22%
 327  U22636              89.10%    passed     59.45%
 328  FJ392375            89.08%    passed     71.22%
 329  FJ392383            89.08%    passed     47.00%
 330  JQ692981            89.08%    passed     67.99%
 331  JQ692982            89.08%    passed     42.19%
 332  JQ692984            89.08%    passed     36.77%
 333  JQ692987            89.08%    passed     37.55%
 334  JQ692992            89.08%    passed     48.45%
 335  JQ692993            89.08%    passed     89.97%
 336  U22628              89.10%    passed     53.10%
 337  AB573762            89.08%    passed     74.93%
 338  AB573763            89.08%    passed     67.93%
 339  EU086200            89.08%    passed     75.56%
 340  EU086201            89.08%    passed     83.77%
 341  EU086202            89.08%    passed     72.83%
 342  EU086203            89.08%    passed     78.72%
 343  EU086204            89.08%    passed     67.93%
 344  EU086205            89.08%    passed     73.97%
 345  KX148259             4.75%    passed     99.21%
 346  KX148260             4.75%    passed     99.02%
 347  KX148261             4.75%    passed     99.46%
 348  KX148262             4.76%    passed     99.98%
 349  KX148263             4.75%    passed     95.85%
 350  LC550018            89.08%    passed     76.11%
 351  LC550019            89.08%    passed     74.86%
 352  LC550020            89.08%    passed     74.86%
 353  LC550021            89.08%    passed     74.86%
 354  LC550022            89.08%    passed     71.70%
 355  LC550023            89.08%    passed     70.38%
 356  LC550024            89.08%    passed     76.11%
 357  LC550025            89.08%    passed     73.46%
 358  LC550026            89.08%    passed     73.23%
 359  LC550027            89.08%    passed     76.11%
 360  LC571945             4.76%    passed     99.75%
 361  LC571946             4.76%    passed     99.76%
 362  MN726836             4.81%    passed     99.43%
 363  MN726837             6.28%    passed     98.91%
 364  MN726839             4.77%    passed     99.88%
 365  MN726840             8.23%    passed     94.68%
 366  MN726841             6.62%    passed     96.45%
 367  MN726842             6.27%    passed     98.24%
 368  MN726843             6.98%    passed     95.95%
 369  MN726845             7.97%    passed     96.32%
 370  MN726848             8.07%    passed     94.42%
 371  MN726850            13.84%    passed     78.10%
 372  MN726852             6.27%    passed     98.82%
 373  MN726854             5.71%    passed     99.02%
 374  MN726855             7.73%    passed     97.55%
 375  MN726856            11.17%    passed     94.44%
 376  MN726858             7.86%    passed     96.29%
 377  MN726860             6.29%    passed     98.59%
 378  MN726861             5.22%    passed     97.63%
 379  MN726862             6.33%    passed     98.96%
 380  MN726866             5.59%    passed     97.52%
 381  MN726870            13.65%    passed     97.37%
 382  MN726873             4.78%    passed     99.63%
 383  MN726874             9.52%    passed     96.16%
 384  MN726875             6.30%    passed     98.09%
 385  MN726876             6.28%    passed     98.68%
 386  MN726879             4.99%    passed     96.58%
 387  MN726880             6.27%    passed     98.55%
 388  MN726881             8.06%    passed     94.61%
 389  MN857167             4.75%    passed     94.11%
 390  MN857168             4.75%    passed     94.36%
 391  MN857169             4.75%    passed     99.91%
 392  MN857170             4.76%    passed     96.36%
 393  MN857171             4.75%    passed     95.56%
 394  KF620487             3.76%    passed     78.62%
 395  KF620488             3.82%    passed     93.78%
 396  KF620489             3.79%    passed     85.59%
 397  KP860149            89.08%    passed     54.35%
 398  KP860153            89.08%    passed     58.34%
 399  98-134              19.64%    passed     87.79%
 400  98-206              23.92%    passed     80.47%
 401  98-285              14.74%    passed     81.50%
 402  98-286              12.44%    passed     91.47%
 403  LC619707             4.76%    passed     96.57%
 404  LC628899             5.39%    passed     98.00%
 405  OQ326754             4.72%    passed     99.83%
 406  OQ326753             4.72%    passed     99.44%
 407  OQ326752             4.72%    passed     98.24%
 408  OQ326751             4.72%    passed     98.20%
 409  OQ326750             4.72%    passed     97.39%
 410  OQ326749             4.72%    passed     98.85%
 411  OQ326748             4.72%    passed     97.83%
 412  OQ326747             4.72%    passed     97.39%
 413  OQ326746             4.72%    passed     98.88%
 414  OQ326745             4.72%    passed     99.04%
 415  OQ326744             4.72%    passed     94.69%
 416  OQ326743             4.72%    passed     99.55%
 417  OQ326742             4.72%    passed     99.48%
 418  OQ326741             4.72%    passed     97.95%
 419  OQ326740             4.72%    passed     98.68%
 420  OQ326739             4.72%    passed     99.41%
 421  OQ326738             4.72%    passed     98.35%
 422  OQ326737             4.72%    passed     97.31%
 423  OQ326736             4.72%    passed     97.99%
 424  OR971444             3.70%    passed     99.81%
 425  OR971443             3.70%    passed     97.13%
 426  OR971442             3.70%    passed     99.21%
 427  OR971441             3.70%    passed     97.35%
 428  OR971440             3.70%    passed     99.21%
 429  OR971439             3.70%    passed     97.41%
 430  OR971438             3.70%    passed     98.48%
 431  OR971437             3.70%    passed     97.35%
 432  OR971436             3.70%    passed     98.74%
 433  OR971435             3.70%    passed     98.10%
 434  OR971434             3.70%    passed     99.17%
 435  OR971433             3.70%    passed     96.20%
 436  OR971432             3.70%    passed     98.28%
 437  OR971431             3.70%    passed     98.41%
 438  OR971430             3.70%    passed     96.98%
 439  OR971429             3.70%    passed     98.39%
 440  OR971428             3.69%    passed     98.88%
 441  OR971427             3.70%    passed     97.80%
 442  OR971426             3.70%    passed     98.58%
 443  OR971425             3.70%    passed     99.01%
 444  OR971424             3.70%    passed     98.01%
 445  OR971423             3.70%    passed     99.55%
 446  OR971422             3.70%    passed     98.23%
 447  OR971421             3.70%    passed     98.96%
 448  OR971420             3.70%    passed     99.43%
 449  OR971419             3.70%    passed     97.89%
 450  OR971418             3.74%    passed     98.24%
 451  OR971417             3.74%    passed     97.37%
 452  OR971416             3.74%    passed     98.20%
 453  OR971415             3.74%    passed     98.54%
 454  OR971414             3.74%    passed     97.37%
 455  OR971413             3.74%    passed     98.37%
 456  OR971412             3.74%    passed     95.23%
 457  OR971411             3.70%    passed     98.81%
 458  OR971409             3.70%    passed     99.36%
 459  OR971408             3.70%    passed     99.47%
 460  OR971407             3.72%    passed     98.62%
 461  OR971406             3.72%    passed     97.30%
 462  OR971405             3.70%    passed     97.80%
 463  OR971404             3.73%    passed     98.39%
 464  OR971403             3.70%    passed     98.77%
 465  OR971402             3.73%    passed     98.62%
 466  OR971401             3.70%    passed     97.41%
 467  OR971400             3.73%    passed     98.43%
 468  OR971399             3.72%    passed     99.26%
 469  OR971398             3.72%    passed     99.13%
 470  OR971397             3.72%    passed     97.69%
 471  OR971396             3.72%    passed     98.06%
 472  OR971395             3.72%    passed     98.49%
 473  OQ326784             4.72%    passed     98.52%
 474  OQ326783             4.72%    passed     97.74%
 475  OQ326782             4.72%    passed     99.56%
 476  OQ326781             4.72%    passed     99.39%
 477  OQ326780             4.72%    passed     98.96%
 478  OQ326779             4.72%    passed     98.56%
 479  OQ326778             4.72%    passed     99.04%
 480  OQ326777             4.72%    passed     97.48%
 481  OQ326776             4.72%    passed     98.73%
 482  OQ326775             4.72%    passed     99.93%
 483  OQ326774             4.72%    passed     99.12%
 484  OQ326773             4.72%    passed     99.19%
 485  OQ326772             4.72%    passed     99.14%
 486  OQ326771             4.72%    passed     99.40%
 487  OQ326770             4.72%    passed     98.49%
 488  OQ326769             4.72%    passed     98.59%
 489  OQ326768             4.72%    passed     98.85%
 490  OQ326767             4.72%    passed     99.81%
 491  OQ326766             4.72%    passed     98.09%
 492  OQ326765             4.72%    passed     97.97%
 493  OQ326764             4.72%    passed     98.52%
 494  OQ326763             4.72%    passed     98.59%
 495  OQ326762             4.72%    passed     98.83%
 496  OQ326761             4.72%    passed     97.20%
 497  OQ326760             4.72%    passed     98.72%
 498  OQ326759             4.72%    passed     99.15%
 499  OQ326758             4.72%    passed     98.02%
 500  OQ326757             4.72%    passed     98.88%
 501  OQ326756             4.72%    passed     98.55%
 502  OQ326755             4.72%    passed     97.39%
 503  OR971544             3.69%    passed     97.08%
 504  OR971543             3.71%    passed     98.46%
 505  OR971542             3.69%    passed     94.01%
 506  OR971541             3.69%    passed     94.68%
 507  OR971540             3.69%    passed     92.03%
 508  OR971539             3.69%    passed     94.89%
 509  OR971538             3.69%    passed     94.23%
 510  OR971537             3.69%    passed     92.01%
 511  OR971536             3.69%    passed     95.61%
 512  OR971535             3.69%    passed     94.28%
 513  OR971534             3.74%    passed     98.92%
 514  OR971533             3.72%    passed     99.28%
 515  OR971532             3.72%    passed     99.57%
 516  OR971531             3.72%    passed     99.84%
 517  OR971530             3.72%    passed     99.70%
 518  OR971529             3.72%    passed     99.55%
 519  OR971528             3.71%    passed     98.97%
 520  OR971527             3.72%    passed     99.36%
 521  OR971526             3.72%    passed     98.98%
 522  OR971525             3.72%    passed     99.24%
 523  OR971524             3.72%    passed     98.56%
 524  OR971523             3.74%    passed     99.08%
 525  OR971522             3.72%    passed     98.77%
 526  OR971521             3.72%    passed     99.23%
 527  OR971520             3.72%    passed     99.07%
 528  OR971519             3.72%    passed     98.11%
 529  OR971518             3.72%    passed     99.32%
 530  OR971517             3.72%    passed     99.49%
 531  OR971516             3.72%    passed     99.06%
 532  OR971515             3.72%    passed     97.22%
 533  OR971514             3.72%    passed     98.62%
 534  OR971513             3.72%    passed     99.09%
 535  OR971512             3.72%    passed     99.50%
 536  OR971511             3.72%    passed     99.78%
 537  OR971510             3.72%    passed     99.43%
 538  OR971509             3.72%    passed     99.19%
 539  OR971508             3.72%    passed     99.88%
 540  OR971507             3.72%    passed     99.32%
 541  OR971506             3.72%    passed     97.85%
 542  OR971505             3.72%    passed     99.74%
 543  OR971504             3.72%    passed     98.96%
 544  OR971503             3.72%    passed     99.22%
 545  OR971502             3.72%    passed     99.08%
 546  OR971501             3.72%    passed     98.94%
 547  OR971500             3.72%    passed     98.84%
 548  OR971499             3.72%    passed     99.08%
 549  OR971498             3.72%    passed     99.08%
 550  OR971497             3.70%    passed     99.87%
 551  OR971496             3.70%    passed     99.94%
 552  OR971495             3.70%    passed     99.95%
 553  OR971344             3.71%    passed     99.77%
 554  OR971343             3.71%    passed     99.82%
 555  OR971342             3.72%    passed     97.25%
 556  OR971341             3.71%    passed     99.76%
 557  OR971340             3.71%    passed     99.82%
 558  OR971339             3.71%    passed     99.74%
 559  OR971338             3.74%    passed     98.22%
 560  OR971337             3.71%    passed     99.95%
 561  OR971336             3.71%    passed     99.92%
 562  OR971335             3.74%    passed     95.26%
 563  OR971334             3.71%    passed     99.82%
 564  OR971333             3.72%    passed     98.49%
 565  OR971332             3.72%    passed     98.57%
 566  OR971331             3.71%    passed     99.76%
 567  OR971330             3.71%    passed     99.94%
 568  OR971329             3.74%    passed     98.08%
 569  OR971328             3.71%    passed     99.95%
 570  OR971327             3.71%    passed     98.56%
 571  OR971326             3.71%    passed     99.94%
 572  OR971325             3.72%    passed     98.25%
 573  OR971324             3.70%    passed     99.92%
 574  OR971323             3.71%    passed     96.91%
 575  OR971644             3.71%    passed     99.66%
 576  OR971643             3.71%    passed     99.44%
 577  OR971642             3.71%    passed     98.36%
 578  OR971641             3.71%    passed     97.18%
 579  OR971640             3.70%    passed     98.86%
 580  OR971639             3.71%    passed     98.49%
 581  OR971638             3.72%    passed     99.13%
 582  OR971637             3.72%    passed     98.31%
 583  OR971636             3.70%    passed     99.78%
 584  OR971635             3.71%    passed     98.60%
 585  OR971634             3.71%    passed     98.60%
 586  OR971633             3.70%    passed     98.99%
 587  OR971632             3.72%    passed     98.87%
 588  OR971631             3.72%    passed     97.31%
 589  OR971630             3.72%    passed     99.80%
 590  OR971629             3.71%    passed     99.56%
 591  OR971628             3.71%    passed     98.19%
 592  OR971627             3.69%    passed     99.96%
 593  OR971626             3.71%    passed     98.88%
 594  OR971625             3.71%    passed     99.58%
 595  OR971624             3.72%    passed     96.64%
 596  OR971623             3.72%    passed     97.51%
 597  OR971622             3.71%    passed     97.91%
 598  OR971621             3.71%    passed     99.66%
 599  OR971620             3.72%    passed     97.26%
 600  OR971619             3.71%    passed     97.01%
 601  OR971618             3.71%    passed     97.20%
 602  OR971617             3.71%    passed     99.85%
 603  OR971616             3.71%    passed     99.88%
 604  OR971615             3.71%    passed     99.92%
 605  OR971614             3.71%    passed     99.84%
 606  OR971613             3.72%    passed     98.03%
 607  OR971612             3.71%    passed     99.67%
 608  OR971611             3.70%    passed     99.77%
 609  OR971610             3.71%    passed     97.89%
 610  OR971609             3.70%    passed    100.00%
 611  OR971608             3.72%    passed     97.56%
 612  OR971607             3.72%    passed     98.56%
 613  OR971606             3.71%    passed     99.71%
 614  OR971605             3.71%    passed     99.45%
 615  OR971604             3.71%    passed     99.97%
 616  OR971603             3.71%    passed     99.80%
 617  OR971602             3.71%    passed     97.62%
 618  OR971601             3.71%    passed     99.83%
 619  OR971600             3.72%    passed     98.53%
 620  OR971599             3.71%    passed     98.99%
 621  OR971598             3.69%    passed     99.60%
 622  OR971597             3.70%    passed     99.99%
 623  OR971596             3.70%    passed     99.80%
 624  OR971595             3.70%    passed     99.00%
 625  OR971594             3.71%    passed     99.63%
 626  OR971593             3.69%    passed     99.41%
 627  OR971592             3.72%    passed     99.19%
 628  OR971591             3.74%    passed     93.48%
 629  OR971590             3.69%    passed     97.16%
 630  OR971589             3.69%    passed     98.60%
 631  OR971588             3.72%    passed     97.65%
 632  OR971587             3.72%    passed     97.68%
 633  OR971586             3.69%    passed     98.05%
 634  OR971585             3.69%    passed     98.05%
 635  OR971584             3.69%    passed     97.83%
 636  OR971583             3.69%    passed     95.60%
 637  OR971582             3.69%    passed     95.49%
 638  OR971581             3.69%    passed     94.99%
 639  OR971580             3.69%    passed     94.82%
 640  OR971579             3.69%    passed     93.43%
 641  OR971578             3.69%    passed     94.83%
 642  OR971577             3.73%    passed     95.97%
 643  OR971576             3.74%    passed     98.57%
 644  OR971575             3.69%    passed     93.37%
 645  OR971574             3.72%    passed     96.36%
 646  OR971573             3.73%    passed     96.99%
 647  OR971572             3.73%    passed     96.98%
 648  OR971571             3.69%    passed     93.76%
 649  OR971570             3.73%    passed     95.61%
 650  OR971569             3.73%    passed     95.61%
 651  OR971568             3.69%    passed     95.45%
 652  OR971567             3.74%    passed     94.84%
 653  OR971566             3.72%    passed     96.92%
 654  OR971565             3.73%    passed     90.40%
 655  OR971564             3.69%    passed     88.92%
 656  OR971563             3.73%    passed     94.34%
 657  OR971562             3.69%    passed     95.42%
 658  OR971561             3.73%    passed     94.84%
 659  OR971560             3.74%    passed     96.90%
 660  OR971559             3.69%    passed     94.54%
 661  OR971558             3.71%    passed     93.71%
 662  OR971557             3.71%    passed     96.68%
 663  OR971556             3.71%    passed     97.12%
 664  OR971555             3.69%    passed     93.56%
 665  OR971554             3.69%    passed     92.98%
 666  OR971553             3.69%    passed     91.55%
 667  OR971552             3.69%    passed     93.52%
 668  OR971551             3.69%    passed     92.35%
 669  OR971550             3.69%    passed     93.18%
 670  OR971549             3.69%    passed     91.79%
 671  OR971548             3.69%    passed     94.22%
 672  OR971547             3.69%    passed     93.23%
 673  OR971546             3.69%    passed     91.48%
 674  OR971545             3.69%    passed     94.02%
 675  OR971494             3.70%    passed     99.86%
 676  OR971493             3.71%    passed     99.94%
 677  OR971492             3.71%    passed     99.94%
 678  OR971491             3.70%    passed     99.79%
 679  OR971490             3.71%    passed     99.94%
 680  OR971489             3.71%    passed     99.78%
 681  OR971488             3.70%    passed     99.93%
 682  OR971487             3.70%    passed     99.73%
 683  OR971486             3.70%    passed     99.91%
 684  OR971485             3.70%    passed     99.81%
 685  OR971484             3.70%    passed     99.96%
 686  OR971483             3.70%    passed     98.82%
 687  OR971482             3.70%    passed     99.73%
 688  OR971481             3.70%    passed     99.71%
 689  OR971480             3.69%    passed     99.93%
 690  OR971479             3.70%    passed     95.41%
 691  OR971478             3.70%    passed     99.88%
 692  OR971477             3.70%    passed     99.97%
 693  OR971476             3.69%    passed     99.84%
 694  OR971475             3.70%    passed     99.69%
 695  OR971474             3.70%    passed     98.08%
 696  OR971473             3.70%    passed     98.22%
 697  OR971472             3.70%    passed     98.32%
 698  OR971471             3.70%    passed     99.85%
 699  OR971470             3.70%    passed     99.90%
 700  OR971469             3.70%    passed     98.18%
 701  OR971468             3.70%    passed     97.67%
 702  OR971467             3.70%    passed     97.80%
 703  OR971466             3.70%    passed     98.80%
 704  OR971465             3.70%    passed     98.08%
 705  OR971464             3.70%    passed     98.57%
 706  OR971463             3.70%    passed     99.67%
 707  OR971462             3.70%    passed     97.62%
 708  OR971461             3.70%    passed     99.81%
 709  OR971460             3.70%    passed     99.82%
 710  OR971459             3.69%    passed     99.89%
 711  OR971458             3.72%    passed     96.96%
 712  OR971457             3.74%    passed     97.85%
 713  OR971456             3.74%    passed     98.57%
 714  OR971455             3.74%    passed     97.51%
 715  OR971454             3.72%    passed     99.03%
 716  OR971453             3.71%    passed     99.76%
 717  OR971452             3.74%    passed     95.31%
 718  OR971451             3.74%    passed     95.72%
 719  OR971450             3.72%    passed     98.71%
 720  OR971449             3.71%    passed     99.75%
 721  OR971448             3.70%    passed     96.48%
 722  OR971447             3.71%    passed     99.77%
 723  OR971446             3.70%    passed     97.62%
 724  OR971445             3.70%    passed     97.94%
 725  OR971394             3.72%    passed     98.15%
 726  OR971393             3.72%    passed     98.63%
 727  OR971392             3.70%    passed     99.60%
 728  OR971391             3.70%    passed     98.93%
 729  OR971390             3.70%    passed     99.44%
 730  OR971389             3.74%    passed     98.85%
 731  OR971388             3.71%    passed     99.30%
 732  OR971387             3.72%    passed     98.21%
 733  OR971386             3.72%    passed     98.47%
 734  OR971385             3.71%    passed     99.82%
 735  OR971384             3.72%    passed     97.61%
 736  OR971383             3.72%    passed     99.19%
 737  OR971382             3.72%    passed     98.36%
 738  OR971381             3.71%    passed     99.47%
 739  OR971380             3.70%    passed     99.57%
 740  OR971379             3.70%    passed     98.92%
 741  OR971378             3.70%    passed     99.67%
 742  OR971377             3.70%    passed     98.58%
 743  OR971376             3.70%    passed     99.04%
 744  OR971375             3.70%    passed     99.02%
 745  OR971374             3.70%    passed     98.94%
 746  OR971373             3.70%    passed     97.73%
 747  OR971372             3.70%    passed     98.18%
 748  OR971371             3.69%    passed     98.83%
 749  OR971370             3.70%    passed     98.85%
 750  OR971369             3.70%    passed     97.54%
 751  OR971368             3.70%    passed     98.86%
 752  OR971367             3.70%    passed     96.26%
 753  OR971366             3.70%    passed     98.72%
 754  OR971365             3.70%    passed     98.34%
 755  OR971364             3.70%    passed     98.39%
 756  OR971363             3.70%    passed     97.05%
 757  OR971362             3.70%    passed     98.93%
 758  OR971361             3.70%    passed     97.90%
 759  OR971360             3.69%    passed     98.02%
 760  OR971359             3.70%    passed     98.57%
 761  OR971358             3.70%    passed     99.87%
 762  OR971357             3.70%    passed     95.42%
 763  OR971356             3.70%    passed     97.42%
 764  OR971355             3.70%    passed     98.82%
 765  OR971354             3.71%    passed     98.16%
 766  OR971353             3.71%    passed     99.96%
 767  OR971352             3.72%    passed     98.82%
 768  OR971351             3.72%    passed     98.82%
 769  OR971350             3.72%    passed     98.47%
 770  OR971349             3.74%    passed     99.11%
 771  OR971348             3.74%    passed     97.81%
 772  OR971347             3.72%    passed     98.91%
 773  OR971346             3.71%    passed     99.80%
 774  OR971345             3.72%    passed     99.10%
 775  OR971675             3.71%    passed     99.14%
 776  OR971674             3.71%    passed     98.99%
 777  OR971673             3.71%    passed     97.32%
 778  OR971672             3.70%    passed     99.13%
 779  OR971671             3.71%    passed     96.44%
 780  OR971670             3.71%    passed     96.66%
 781  OR971669             3.71%    passed     96.19%
 782  OR971668             3.71%    passed     96.19%
 783  OR971667             3.72%    passed     96.39%
 784  OR971666             3.71%    passed     94.60%
 785  OR971665             3.71%    passed     97.51%
 786  OR971664             3.70%    passed     97.19%
 787  OR971663             3.71%    passed     99.94%
 788  OR971662             3.69%    passed     99.37%
 789  OR971661             3.70%    passed     99.81%
 790  OR971660             3.70%    passed     98.48%
 791  OR971659             3.70%    passed     99.80%
 792  OR971658             3.70%    passed     99.48%
 793  OR971657             3.70%    passed     98.07%
 794  OR971656             3.71%    passed     95.81%
 795  OR971655             3.71%    passed     99.21%
 796  OR971654             3.69%    passed     99.69%
 797  OR971653             3.71%    passed     99.27%
 798  OR971652             3.70%    passed     99.27%
 799  OR971651             3.69%    passed     98.63%
 800  OR971650             3.71%    passed     97.61%
 801  OR971649             3.69%    passed     99.98%
 802  OR971648             3.71%    passed     98.55%
 803  OR971647             3.70%    passed     98.40%
 804  OR971646             3.71%    passed     99.76%
 805  OR971645             3.70%    passed     99.68%
 806  14                   6.36%    passed     96.96%
 807  153                  6.29%    passed     99.23%
 808  19-30                6.35%    passed     99.21%
 809  19-40                4.66%    passed     99.63%
 810  4A-22-104            6.34%    passed     92.40%
 811  4A-22-171            6.29%    passed     98.55%
 812  4A-22-203            9.00%    passed     99.38%
 813  4A-22-40             4.77%    passed     99.97%
 814  4A-22-98             4.72%    passed     99.77%
 815  4B-21-126            4.75%    passed     99.64%
 816  4B-21-29             4.72%    passed     98.98%
 817  4B-21-310            6.34%    passed     98.36%
 818  4B-21-35             6.32%    passed     96.75%
 819  4B-21-412            4.66%    passed     99.06%
 820  4B-21-421            4.72%    passed     99.57%
 821  4B-21-423            6.36%    passed     98.86%
 822  4B-21-528            4.64%    passed     99.31%
 823  4B-21622             4.81%    passed     99.59%
 824  4B-22-114            4.72%    passed     99.77%
 825  4B-22-13             6.44%    passed     99.62%
 826  4B-22-15             4.66%    passed     99.65%
 827  4B-22-16             6.57%    passed     99.11%
 828  4B-22-17             6.39%    passed     99.40%
 829  4B-22-20             6.58%    passed     99.53%
 830  4B-22-21             6.69%    passed     99.29%
 831  4B-22-28             6.28%    passed     99.08%
 832  4B-22-30             7.37%    passed     99.92%
 833  4B-22-31             6.40%    passed     98.33%
 834  4B-22-35             6.39%    passed     99.14%
 835  4B-22-37             6.33%    passed     94.26%
 836  4B-22-39             6.31%    passed     94.41%
 837  4B-22-40             6.49%    passed     98.82%
 838  4B-22-41             8.90%    passed     90.64%
 839  4B-22-42             6.24%    passed     94.24%
 840  4B-22-44             6.31%    passed     95.02%
 841  4B-22-45             6.34%    passed     95.43%
 842  4B-23-01             6.27%    passed     94.29%
 843  4B-23-02             6.29%    passed     93.77%
 844  4B-23-03             4.59%    passed     99.36%
 845  4B-23-04             4.62%    passed     99.36%
 846  4B-23-05             6.36%    passed     95.30%
 847  4B-23-06             6.30%    passed     93.38%
 848  4B-23-07             6.30%    passed     94.52%
 849  4B-23-11             6.30%    passed     94.66%
 850  4B-23-12             6.32%    passed     95.09%
 851  4B-23-13             6.28%    passed     93.75%
 852  4B-23-15             6.34%    passed     94.08%
 853  4B-23-16             6.31%    passed     94.00%
 854  4B-23-17             6.32%    passed     93.00%
 855  4B-23-19             6.31%    passed     93.29%
 856  4B-2422              6.31%    passed     99.08%
 857  4B-2922HM            4.77%    passed     99.71%
 858  4B-2922JG            4.80%    passed     98.54%
 859  CAR-22-018           6.39%    passed     98.20%
 860  CAR-22-020           4.67%    passed     98.36%
 861  COW                  6.31%    passed     99.51%
 862  GOAT                 6.42%    passed     99.36%
 863  H24-028              7.82%    passed     97.81%
 864  R1-21-148            6.31%    passed     92.56%
 865  R10-688              6.59%    passed     90.73%
 866  R10-711              8.45%    passed     99.36%
 867  R10-714              6.67%    passed     95.97%
 868  R10-824              7.27%    passed     97.48%
 869  R10-856              8.84%    passed     98.20%
 870  R10-907              6.60%    passed     96.31%
 871  R10-920              6.49%    passed     95.66%
 872  R10-989              8.39%    passed     99.59%
 873  R10-990              6.57%    passed     98.07%
 874  R11-21-61            4.65%    passed     97.35%
 875  R11-21-63            6.34%    passed     99.58%
 876  R11-22-001           6.56%    passed     98.34%
 877  R11-22-002           5.22%    passed     94.51%
 878  R2-081               6.34%    passed     98.58%
 879  R2-22-5302           6.40%    passed     99.04%
 880  R2-22-5814          12.56%    passed     93.09%
 881  R2-22-84711          8.96%    passed     96.72%
 882  R2-22-8924           6.34%    passed     99.33%
 883  R3-0483              6.44%    passed     93.96%
 884  R3-731               6.30%    passed     97.96%
 885  R5-21-115            4.69%    passed     97.95%
 886  R5-21-119            4.64%    passed     99.04%
 887  R5-21-128            4.67%    passed     98.71%
 888  R5-21-132            4.66%    passed     99.70%
 889  R5-21-136            6.26%    passed     98.82%
 890  R5-21-140            4.65%    passed     98.81%
 891  R5-22-008            6.30%    passed     98.53%
 892  R5-22-09             4.63%    passed     99.76%
 893  R6-21-4343           6.34%    passed     86.96%
 894  R6-21-4375           6.48%    passed     86.46%
 895  R6-21-4511           6.33%    passed     92.76%
 896  R6-21-4600           6.38%    passed     88.43%
 897  R6-4342              6.76%    passed     81.51%
 898  R6-4568              6.52%    passed     91.08%
 899  R7-21-149            6.75%    passed     92.79%
 900  R7-21-161            8.26%    passed     86.63%
 901  R9-010               6.48%    passed     96.98%
 902  R9-074               6.39%    passed     97.54%
 903  R9-089               8.76%    passed     96.08%
 904  R9-105               5.18%    passed     99.93%
 905  RADDL1-16-153        6.28%    passed     98.17%
 906  RADDL1-16-154        8.78%    passed     96.74%
 907  RADDL1-16-166        8.23%    passed     97.53%
 908  RADDL3-1038         13.59%    passed     76.12%
 909  RADDL3-1045          6.30%    passed     97.96%
 910  RADDL3-15-172        6.33%    passed     93.12%
 911  RADDL3-16-1008       6.43%    passed     98.58%
 912  RADDL3-16-468        6.33%    passed     93.60%
 913  RADDL3-16-521        6.31%    passed     93.88%
 914  RADDL3-16-627        8.16%    passed     98.23%
 915  RADDL3-845           6.36%    passed     92.25%
 916  RADDL4B-23-042       4.71%    passed     97.43%
 917  RADDL4B-23-044       4.62%    passed     99.57%
 918  RADDL4B-23-045       4.71%    passed     98.62%
 919  RADDL4B-23-046       4.70%    passed     98.99%
 920  RADDL4B-23-047       4.70%    passed     99.49%
 921  RADDL4B-23-049       4.65%    passed     98.94%
 922  RADDL4B-23-052       4.68%    passed     96.61%
 923  RADDL4B-23-056       4.72%    passed     97.64%
 924  RADDL4B-23-057       4.68%    passed     98.72%
 925  RADDL4B-23-058       8.54%    passed     93.26%
 926  RADDL4B-23-060       6.32%    passed     98.21%
 927  RADDL4B-23-061       4.69%    passed     98.20%
 928  RADDL4B-23-065       6.31%    passed     99.39%
 929  RADDL4B-23-070       4.69%    passed     98.30%
 930  RADDL4B-23-072       6.35%    passed     98.83%
 931  RADDL4B-23-076       6.28%    passed     96.00%
 932  RADDL4B-23-080       4.80%    passed     98.75%
 933  RADDL4B-23-081       6.37%    passed     96.09%
 934  RADDL4B-23-085       4.63%    passed     98.21%
 935  RADDL4B-23-089       8.31%    passed     85.17%
 936  RADDL4B-23-090       4.71%    passed     99.31%
 937  RADDL4B-23-092       8.33%    passed     65.47%
 938  RADDL4B-23-093       4.67%    passed     98.33%
 939  RADDL4B-23-094      11.80%    passed     79.73%
 940  RADDL4B-23-095       4.67%    passed     97.94%
 941  RADDL4B-23-097       4.67%    passed     97.90%
 942  RADDL4B-23-098       4.68%    passed     99.00%
 943  RADDL4B-23-099       4.65%    passed     98.38%
 944  RADDL4B-23-100       4.64%    passed     97.91%
 945  RADDL4B-23-101       4.68%    passed     98.02%
 946  RADDL4B-23-104       4.69%    passed     97.32%
 947  RADDL4B-23-105       4.76%    passed     97.69%
 948  RADDL4B-24-001       6.35%    passed     89.27%
 949  RADDL4B-24-002       4.72%    passed     96.92%
 950  RADDL4B-24-003       4.70%    passed     97.08%
 951  RADDL4B-24-007       6.45%    passed     97.54%
 952  RADDL4B-24-009       4.80%    passed     99.76%
 953  RADDL4B-24-011       6.34%    passed     86.33%
 954  RADDL4B-24-012       6.34%    passed     90.85%
 955  RADDL4B-24-013       8.36%    passed     86.04%
 956  RADDL4B-24-014       4.76%    passed     98.37%
 957  RADDL4B-24-015      11.84%    passed     73.86%
 958  RADDL4B-24-016       8.45%    passed     74.54%
 959  RADDL4B-24-017       4.72%    passed     97.14%
 960  RADDL4B-24-018       6.39%    passed     99.58%
 961  RADDL4B-24-019       4.69%    passed     97.58%
 962  RADDL4B-24-021       6.27%    passed     99.22%
 963  RADDL4B-24-023       4.72%    passed     99.95%
 964  RADDL4B-24-026       6.28%    passed     99.74%
 965  RADDL4B-24-027       6.32%    passed     99.42%
 966  RADDL4B-24-028       4.71%    passed     97.92%
 967  RADDL4B-24-029       6.32%    passed     99.29%
 968  RADDL4B-24-030       4.79%    passed     96.77%
 969  RADDL4B-24-034       6.35%    passed     98.61%
 970  RADDL4B-24-035       4.65%    passed     97.90%
 971  RADDL4B-24-037       6.30%    passed     98.70%
 972  RADDL4B-24-038       4.74%    passed     98.97%
 973  RADDL4B-24-042       4.71%    passed     99.24%
 974  RADDL4B-24-043       4.76%    passed     96.72%
 975  RADDL4B-24-046       4.67%    passed     99.90%
 976  RADDL4B-24-048       8.42%    passed     62.84%
 977  RADDL4B-24-049       4.68%    passed     97.77%
 978  RADDL4B-24-051       4.68%    passed     99.55%
 979  RADDL4B-24-052       4.71%    passed     99.73%
 980  RADDL4B-24-053       6.30%    passed     99.33%
 981  RADDL4B-24-054       4.70%    passed     97.83%
 982  RADDL4B-24-055       4.67%    passed     97.79%
 983  RADDL4B-24-056       4.63%    passed     98.35%
 984  RADDL4B-24-057       4.71%    passed     98.60%
 985  RADDL4B-24-058       6.31%    passed     98.06%
 986  RADDL4B-24-059       4.67%    passed     97.45%
 987  RADDL4B-24-062      12.98%    passed     76.69%
 988  RADDL4B-24-063       4.73%    passed     97.76%
 989  RADDL4B-24-066       4.75%    passed     98.43%
 990  RADDL4B-24-067       4.63%    passed     97.25%
 991  RADDL4B-24-069       4.69%    passed     98.86%
 992  RADDL4B-24-070       4.72%    passed     96.90%
 993  RADDL4B-24-071       6.27%    passed     98.61%
 994  RADDL4B-24-073       4.68%    passed     96.96%
 995  RADDL4B-24-074       4.65%    passed     98.31%
 996  RADDL4B-24-076       4.71%    passed     97.52%
 997  RADDL4B-24-077       4.68%    passed     98.16%
 998  RADDL4B-24-078       4.70%    passed     98.17%
 999  RADDL4B-24-080       6.43%    passed     99.66%
1000  RADDL4B-24-081       4.72%    passed     98.55%
1001  RADDL4B-24-082       4.71%    passed     97.88%
1002  RADDL4B-24-084       4.68%    passed     96.66%
1003  RADDL4B-24-085       4.69%    passed     97.34%
1004  RADDL4B-24-086      15.85%    passed     41.69%
1005  RADDL4B-24-087       6.59%    passed     87.07%
1006  RADDL4B-24-088      11.72%    passed     64.47%
1007  RADDL4B-24-093       4.70%    passed     98.68%
1008  RADDL4B-24-095       4.79%    passed     98.90%
1009  RADDL4B-24-096       4.80%    passed     99.02%
1010  RADDL4B-24-097       4.76%    passed     98.03%
1011  RADDL4B-24-098       4.76%    passed     96.49%
1012  RADDL4B-24-099       4.78%    passed     97.81%
1013  RADDL4B-24-100       6.39%    passed     87.79%
1014  RADDL4B-24-101       4.66%    passed     98.12%
1015  RADDL4B-24-102       4.68%    passed     96.77%
1016  RADDL4B-24-106       6.37%    passed     88.57%
1017  RADDL4B-24-107       8.37%    passed     96.43%
1018  RADDL4B-24-112       4.74%    passed     97.47%
1019  RADDL4B-24-113       4.71%    passed     95.84%
1020  RADDL4B-24-114       4.80%    passed     99.55%
1021  RADDL4B-24-116       4.82%    passed     97.64%
1022  RADDL4B-24-117       4.75%    passed     98.06%
1023  RADDL4B-24-120       4.67%    passed     98.01%
1024  RADDL4B-24-121       4.72%    passed     96.90%
1025  RADDL4B-24-122       4.74%    passed     98.87%
1026  RADDL4B-24-124       4.65%    passed     98.13%
1027  RADDL4B-24-125       4.82%    passed     94.56%
1028  RADDL4B-24-127       6.41%    passed     84.68%
1029  RADDL4B-24-138       4.77%    passed     96.78%
1030  RADDL4B-24-151      11.83%    passed     75.10%
1031  RADDL4B-24-153       6.39%    passed     99.61%
1032  RADDL4B-24-154       4.76%    passed     96.27%
1033  RADDL4B-24-155       4.77%    passed     98.99%
1034  RADDL4B-24-156       6.38%    passed     97.77%
1035  RADDL4B-24-157       8.11%    passed     94.65%
1036  RADDL4B-24-162       4.76%    passed     99.96%
1037  RADDL4B-24-173      10.47%    passed     92.07%
1038  RADDL4B-24-174       8.02%    passed     97.75%
1039  RADDL4B-24-178       4.79%    passed     96.48%
1040  RADDL4B-24-180       4.70%    passed     95.74%
1041  RADDL4B-24-181       4.72%    passed     98.78%
1042  RADDL4B-24-183      10.09%    passed     81.33%
1043  RADDL4B-24-184       4.67%    passed     96.85%
1044  RADDL4B-24-185       4.79%    passed     97.86%
1045  RADDL4B-24-186       9.77%    passed     97.55%
1046  RADDL4B-24-187       4.68%    passed     95.74%
1047  RADDL4B-24-188       4.76%    passed     95.17%
1048  RADDL4B-25-005       8.04%    passed     84.68%
1049  RADDL4B-25-006       8.05%    passed     85.55%
1050  RADDL4B-25-008       8.03%    passed     90.88%
1051  RADDL4B-25-009      10.21%    passed     93.07%
1052  RADDL4B-25-017       4.84%    passed     99.70%
1053  RADDL4B-25-022       6.85%    passed     99.92%
1054  RADDL4B-25-032       6.77%    passed     97.25%
1055  RADDL4B-25-039       9.79%    passed     98.90%
1056  RADDL5-005           4.65%    passed     99.81%
1057  REGION_5_2018-100    6.02%    passed     99.47%
1058  REGION_5_2018-304    6.02%    passed     99.58%
1059  REGION_5_2018-311    6.03%    passed     99.07%
1060  REGION_5_2018-50     6.01%    passed     99.63%
1061  REGION_5_2019-1      6.01%    passed     99.46%
1062  REGION_5_2019-13     6.01%    passed     99.38%
1063  Z-05-102             8.28%    passed     97.81%
1064  Z-05-191            10.20%    passed     99.63%
1065  Z-05-557             6.74%    passed     99.10%
1066  Z-05-96              8.34%    passed     99.25%
1067  Z-06-150             9.41%    passed     83.01%
1068  Z-06-295             6.25%    passed     97.93%
1069  Z-06-39              4.64%    passed     97.43%
1070  Z-07-07              6.30%    passed     98.99%
1071  Z-07-351             6.27%    passed     98.54%
1072  Z-07-366            10.12%    passed     99.84%
1073  Z-07-38              4.62%    passed     99.06%
1074  Z-07-387             6.28%    passed     98.31%
1075  Z-07-398             6.29%    passed     98.72%
1076  Z-07-403             6.31%    passed     98.64%
1077  Z-07-407             6.30%    passed     98.44%
1078  Z-08-351            10.70%    passed     99.14%
1079  Z-08-359             8.42%    passed     92.37%
1080  Z-09-94              6.26%    passed     98.93%
1081  Z-12-001             7.71%    passed     96.40%
1082  Z-12-012             6.33%    passed     99.13%
1083  Z-12-029             6.28%    passed     98.24%
1084  Z-12-060             6.33%    passed     93.14%
1085  Z-12-088             6.71%    passed     97.09%
1086  Z-12-118            10.91%    passed     95.21%
1087  Z-12-134             9.25%    passed     95.40%
1088  Z-12-149             6.31%    passed     98.53%
1089  Z-12-208             6.36%    passed     95.58%
1090  Z-12-212             4.55%    passed     97.22%
1091  Z-13-002             4.38%    passed     99.61%
1092  Z-13-009             6.02%    passed     99.41%
1093  Z-13-020             6.44%    passed     98.46%
1094  Z-13-032             5.09%    passed     99.81%
1095  Z-13-036             6.27%    passed     98.49%
1096  Z-13-065             6.72%    passed     92.26%
1097  Z-13-066             4.64%    passed     99.83%
1098  Z-13-071             6.30%    passed     99.23%
1099  Z-13-073             6.57%    passed     98.72%
1100  Z-13-081             7.23%    passed     95.60%
1101  Z-13-086             6.27%    passed     98.65%
1102  Z-13-089             4.67%    passed     99.95%
1103  Z-13-094             4.65%    passed     99.60%
1104  Z-13-096             4.65%    passed     99.20%
1105  Z-13-098             5.39%    passed     97.25%
1106  Z-13-134             6.33%    passed     99.66%
1107  Z-13-135             6.29%    passed     98.89%
1108  Z-13-161             6.28%    passed     98.77%
1109  Z-13-171             4.91%    passed     97.58%
1110  Z-13-184             4.96%    passed     95.59%
1111  Z-13-204             5.71%    passed     99.25%
1112  Z-13-216             5.07%    passed     99.22%
1113  Z-13-234             4.95%    passed     95.96%
1114  Z-13-259             6.27%    passed     98.54%
1115  Z-14-023             6.37%    passed     95.74%
1116  Z-14-033             6.34%    passed     93.49%
1117  Z-14-05              4.62%    passed     99.96%
1118  Z-14-058             7.95%    passed     96.84%
1119  Z-14-098             6.37%    passed     98.98%
1120  Z-14-101             8.92%    passed     89.27%
1121  Z-14-106            10.80%    passed     95.49%
1122  Z-14-126             6.27%    passed     98.77%
1123  Z-14-136             6.40%    passed     98.17%
1124  Z-14-138             5.32%    passed     98.85%
1125  Z-14-142             6.27%    passed     99.60%
1126  Z-14-146             6.18%    passed     96.27%
1127  Z-14-149            12.40%    passed     99.44%
1128  Z-14-152             4.34%    passed     99.38%
1129  Z-14-182             6.31%    passed     94.91%
1130  Z-14-243             4.95%    passed     94.19%
1131  Z-15-001             4.66%    passed     99.89%
1132  Z-15-009             9.03%    passed     92.08%
1133  Z-15-019             4.95%    passed     99.05%
1134  Z-15-116             4.34%    passed     99.91%
1135  Z-15-130             7.79%    passed     94.60%
1136  Z-15-148             7.96%    passed     94.07%
1137  Z-15-163             6.26%    passed     99.55%
1138  Z-15-185             5.44%    passed     99.77%
1139  Z-16-013             7.81%    passed     94.73%
1140  Z-16-082             4.72%    passed     99.59%
1141  Z-16-150             6.35%    passed     94.08%
1142  Z-16-151             4.76%    passed     93.10%
1143  Z-16-159             7.46%    passed     97.62%
1144  Z-16-186             7.60%    passed     94.94%
1145  Z-16-196             6.52%    passed     99.34%
1146  Z-16-209             4.91%    passed     93.25%
1147  Z-16-210             4.68%    passed     99.33%
1148  Z-16-211             4.67%    passed     99.96%
1149  Z-17-046             4.61%    passed     99.88%
1150  Z-17-174             6.29%    passed     99.96%
1151  Z-17-177             4.63%    passed     99.60%
1152  Z-17-193             6.48%    passed     97.99%
1153  Z-17-200             6.29%    passed     93.51%
1154  Z-17-217             6.49%    passed     99.53%
1155  Z-17-221             8.13%    passed     99.80%
1156  Z-17-57              4.74%    passed     99.77%
1157  Z-18-001             6.30%    passed     99.05%
1158  Z-18-114             6.26%    passed     99.61%
1159  Z-18-159             6.31%    passed     95.56%
1160  Z-18-224            12.42%    passed     90.88%
1161  Z-18-251             6.26%    passed     98.44%
1162  Z-19-029             6.84%    passed     87.84%
1163  Z-19-123            12.91%    passed     98.72%
1164  Z-19-136            10.84%    passed     97.90%
1165  Z-19-88              6.27%    passed     96.34%
1166  Z-20-01              4.63%    passed     99.88%
1167  Z-20-110             6.28%    passed     93.17%
1168  Z-20-24              6.27%    passed     92.12%
1169  Z-20-33              6.27%    passed     99.44%
1170  Z-20-51              6.29%    passed     95.82%
1171  Z-22-103             6.30%    passed     94.91%
1172  Z-22-119             6.41%    passed     94.11%
1173  Z-22-121            13.19%    passed     96.96%
1174  Z-23-01              6.27%    passed     93.39%
1175  Z-23-01Sa            8.11%    passed     97.65%
1176  Z-24-141             4.71%    passed     97.47%
1177  Z-24-142             6.32%    passed     96.06%
1178  Z-98-1061            7.00%    passed     95.69%
1179  Z-98-285             9.56%    passed     88.88%
1180  Z-98-286            11.16%    passed     88.47%
1181  Z-98-433             6.31%    passed     97.89%
1182  Z-98-454             6.82%    passed     97.99%
1183  Z-98-515             6.36%    passed     98.24%
1184  Z-98-616             6.39%    passed     97.41%
1185  Z-98-718            12.02%    passed     87.81%
1186  Z-98-780            11.20%    passed     94.86%
1187  Z-98-838            12.39%    passed     97.25%
1188  Z-98-860            12.56%    passed     94.28%
WARNING: 302 sequences contain more than 50% gaps/ambiguity
****  TOTAL               26.47%  0 sequences failed composition chi2 test (p-value<5%; df=3)
NOTE: EU478495 is identical to EU478494 but kept for subsequent analysis
NOTE: EU827271 is identical to EU478499 but kept for subsequent analysis
NOTE: EU478504 is identical to EU478503 but kept for subsequent analysis
NOTE: EU827273 is identical to EU478517 but kept for subsequent analysis
NOTE: EU478521 is identical to EU478519 but kept for subsequent analysis
NOTE: EU514574 is identical to EU514573 but kept for subsequent analysis
NOTE: EU514579 is identical to EU514578 but kept for subsequent analysis
NOTE: EU718738 is identical to EU718735 but kept for subsequent analysis
NOTE: KF022186 is identical to EU718736 but kept for subsequent analysis
NOTE: EU718739 is identical to EU718737 but kept for subsequent analysis
NOTE: EU718750 is identical to EU718740 but kept for subsequent analysis
NOTE: EU718746 is identical to EU718742 but kept for subsequent analysis
NOTE: EU718768 is identical to EU718766 but kept for subsequent analysis
NOTE: EU827274 is identical to EU827272 but kept for subsequent analysis
NOTE: EU853597 is identical to EU853596 but kept for subsequent analysis
NOTE: EU853603 is identical to EU853602 but kept for subsequent analysis
NOTE: EU853608 is identical to EU853607 but kept for subsequent analysis
NOTE: EU853610 is identical to EU853609 but kept for subsequent analysis
NOTE: EU853617 is identical to EU853616 but kept for subsequent analysis
NOTE: EU853647 is identical to EU853646 but kept for subsequent analysis
NOTE: EU853656 is identical to EU853655 but kept for subsequent analysis
NOTE: KU564988 is identical to KU564980 but kept for subsequent analysis
NOTE: KU564989 is identical to KU564981 but kept for subsequent analysis
NOTE: KU564985 is identical to KU564982 but kept for subsequent analysis
NOTE: KU564984 is identical to KU564983 but kept for subsequent analysis
NOTE: KU564999 is identical to KU564994 but kept for subsequent analysis
NOTE: KU564998 is identical to KU564997 but kept for subsequent analysis
NOTE: MH481713 is identical to MH481711 but kept for subsequent analysis
NOTE: MN049982 is identical to MH481712 but kept for subsequent analysis
NOTE: KF022171 is identical to KF022169 but kept for subsequent analysis
NOTE: KF022175 is identical to KF022173 but kept for subsequent analysis
NOTE: KF022185 is identical to KF022178 but kept for subsequent analysis
NOTE: KF022187 is identical to KF022179 but kept for subsequent analysis
NOTE: LC550024 is identical to LC550018 but kept for subsequent analysis
NOTE: LC550020 is identical to LC550019 but kept for subsequent analysis
NOTE: OQ326747 is identical to OQ326750 but kept for subsequent analysis
NOTE: OR971437 is identical to OR971441 but kept for subsequent analysis
NOTE: OR971331 is identical to OR971341 but kept for subsequent analysis
NOTE: OR971634 is identical to OR971635 but kept for subsequent analysis
NOTE: OR971492 is identical to OR971493 but kept for subsequent analysis
NOTE: OR971351 is identical to OR971352 but kept for subsequent analysis
NOTE: OR971668 is identical to OR971669 but kept for subsequent analysis
NOTE: 64 identical sequences (see below) will be ignored for subsequent analysis
NOTE: EU478496 (identical to EU478494) is ignored but added at the end
NOTE: EU478507 (identical to EU478494) is ignored but added at the end
NOTE: EU478514 (identical to EU478494) is ignored but added at the end
NOTE: EU827268 (identical to EU478494) is ignored but added at the end
NOTE: EU827269 (identical to EU478494) is ignored but added at the end
NOTE: EU478522 (identical to EU478519) is ignored but added at the end
NOTE: EU718741 (identical to EU718735) is ignored but added at the end
NOTE: EU718745 (identical to EU718735) is ignored but added at the end
NOTE: EU718751 (identical to EU718735) is ignored but added at the end
NOTE: EU718776 (identical to EU718735) is ignored but added at the end
NOTE: EU718777 (identical to EU718735) is ignored but added at the end
NOTE: EU718744 (identical to EU718737) is ignored but added at the end
NOTE: EU718747 (identical to EU718737) is ignored but added at the end
NOTE: EU718748 (identical to EU718737) is ignored but added at the end
NOTE: EU718749 (identical to EU718737) is ignored but added at the end
NOTE: EU718754 (identical to EU718737) is ignored but added at the end
NOTE: EU718756 (identical to EU718737) is ignored but added at the end
NOTE: EU718757 (identical to EU718737) is ignored but added at the end
NOTE: EU718760 (identical to EU718737) is ignored but added at the end
NOTE: EU718774 (identical to EU718737) is ignored but added at the end
NOTE: EU718775 (identical to EU718737) is ignored but added at the end
NOTE: EU718778 (identical to EU718737) is ignored but added at the end
NOTE: EU718779 (identical to EU718737) is ignored but added at the end
NOTE: EU718780 (identical to EU718737) is ignored but added at the end
NOTE: EU718781 (identical to EU718737) is ignored but added at the end
NOTE: EU718782 (identical to EU718737) is ignored but added at the end
NOTE: EU718786 (identical to EU718737) is ignored but added at the end
NOTE: EU718761 (identical to EU718740) is ignored but added at the end
NOTE: EU718752 (identical to EU718742) is ignored but added at the end
NOTE: EU718753 (identical to EU718742) is ignored but added at the end
NOTE: EU718755 (identical to EU718742) is ignored but added at the end
NOTE: EU718758 (identical to EU718742) is ignored but added at the end
NOTE: EU718764 (identical to EU718742) is ignored but added at the end
NOTE: EU718769 (identical to EU718742) is ignored but added at the end
NOTE: EU718772 (identical to EU718742) is ignored but added at the end
NOTE: EU718773 (identical to EU718742) is ignored but added at the end
NOTE: EU718784 (identical to EU718742) is ignored but added at the end
NOTE: EU718787 (identical to EU718742) is ignored but added at the end
NOTE: EU718770 (identical to EU718766) is ignored but added at the end
NOTE: EU853598 (identical to EU853596) is ignored but added at the end
NOTE: EU853599 (identical to EU853596) is ignored but added at the end
NOTE: EU853604 (identical to EU853602) is ignored but added at the end
NOTE: EU853611 (identical to EU853609) is ignored but added at the end
NOTE: EU853648 (identical to EU853646) is ignored but added at the end
NOTE: EU853657 (identical to EU853655) is ignored but added at the end
NOTE: KY124537 (identical to KU564980) is ignored but added at the end
NOTE: KY124539 (identical to KU564980) is ignored but added at the end
NOTE: KY124536 (identical to KU564981) is ignored but added at the end
NOTE: KU564992 (identical to KU564982) is ignored but added at the end
NOTE: KY124535 (identical to KU564982) is ignored but added at the end
NOTE: KU564986 (identical to KU564983) is ignored but added at the end
NOTE: KU564991 (identical to KU564983) is ignored but added at the end
NOTE: KY124540 (identical to KU564994) is ignored but added at the end
NOTE: KY124541 (identical to KU564994) is ignored but added at the end
NOTE: MN049981 (identical to MH481711) is ignored but added at the end
NOTE: KF022172 (identical to KF022169) is ignored but added at the end
NOTE: KF022177 (identical to KF022173) is ignored but added at the end
NOTE: KF022188 (identical to KF022173) is ignored but added at the end
NOTE: KF022189 (identical to KF022173) is ignored but added at the end
NOTE: KF022191 (identical to KF022173) is ignored but added at the end
NOTE: LC550027 (identical to LC550018) is ignored but added at the end
NOTE: LC550021 (identical to LC550019) is ignored but added at the end
NOTE: OQ326755 (identical to OQ326750) is ignored but added at the end
NOTE: OR971490 (identical to OR971493) is ignored but added at the end
Alignment was printed to PHL/Alignment/PHL_combined_aligned.fasta.uniqueseq.phy

For your convenience alignment with unique sequences printed to PHL/Alignment/PHL_combined_aligned.fasta.uniqueseq.phy

Create initial parsimony tree by phylogenetic likelihood library (PLL)... 2.308 seconds
Generating 1000 samples for ultrafast bootstrap (seed: 732625)...

NOTE: 1413 MB RAM (1 GB) is required!
Measuring multi-threading efficiency up to 224 CPU cores
Increase to 10 rounds for branch lengths
6 trees examined
Threads: 1 / Time: 259.209 sec / Speedup: 1.000 / Efficiency: 100% / LogL: -1096791
Threads: 2 / Time: 142.028 sec / Speedup: 1.825 / Efficiency: 91% / LogL: -1096791
Threads: 3 / Time: 93.748 sec / Speedup: 2.765 / Efficiency: 92% / LogL: -1096791
Threads: 4 / Time: 80.887 sec / Speedup: 3.205 / Efficiency: 80% / LogL: -1096791
Threads: 5 / Time: 60.854 sec / Speedup: 4.260 / Efficiency: 85% / LogL: -1096791
Threads: 6 / Time: 69.605 sec / Speedup: 3.724 / Efficiency: 62% / LogL: -1096791
BEST NUMBER OF THREADS: 5

Estimate model parameters (epsilon = 0.100)
1. Initial log-likelihood: -183341.026
2. Current log-likelihood: -166794.932
3. Current log-likelihood: -166514.716
4. Current log-likelihood: -166410.167
5. Current log-likelihood: -166362.147
6. Current log-likelihood: -166333.892
7. Current log-likelihood: -166301.413
8. Current log-likelihood: -166255.753
9. Current log-likelihood: -166198.354
10. Current log-likelihood: -166144.590
11. Current log-likelihood: -166093.386
12. Current log-likelihood: -166057.952
13. Current log-likelihood: -166032.470
14. Current log-likelihood: -166011.676
15. Current log-likelihood: -165984.692
16. Current log-likelihood: -165975.359
17. Current log-likelihood: -165970.744
18. Current log-likelihood: -165968.433
19. Current log-likelihood: -165967.092
20. Current log-likelihood: -165966.205
21. Current log-likelihood: -165965.519
22. Current log-likelihood: -165964.911
23. Current log-likelihood: -165964.350
24. Current log-likelihood: -165963.818
25. Current log-likelihood: -165963.347
26. Current log-likelihood: -165962.978
27. Current log-likelihood: -165962.640
28. Current log-likelihood: -165962.336
29. Current log-likelihood: -165962.074
30. Current log-likelihood: -165961.847
31. Current log-likelihood: -165961.648
32. Current log-likelihood: -165961.459
33. Current log-likelihood: -165961.282
34. Current log-likelihood: -165961.112
35. Current log-likelihood: -165960.938
36. Current log-likelihood: -165960.762
37. Current log-likelihood: -165960.579
38. Current log-likelihood: -165960.394
39. Current log-likelihood: -165960.201
40. Current log-likelihood: -165959.999
41. Current log-likelihood: -165959.787
42. Current log-likelihood: -165959.566
43. Current log-likelihood: -165959.338
44. Current log-likelihood: -165959.101
45. Current log-likelihood: -165958.855
46. Current log-likelihood: -165958.593
47. Current log-likelihood: -165958.319
48. Current log-likelihood: -165958.037
49. Current log-likelihood: -165957.726
50. Current log-likelihood: -165957.392
51. Current log-likelihood: -165957.036
52. Current log-likelihood: -165956.662
53. Current log-likelihood: -165956.257
54. Current log-likelihood: -165955.822
55. Current log-likelihood: -165955.359
56. Current log-likelihood: -165954.861
57. Current log-likelihood: -165954.328
58. Current log-likelihood: -165953.761
59. Current log-likelihood: -165953.151
60. Current log-likelihood: -165952.505
61. Current log-likelihood: -165951.813
62. Current log-likelihood: -165951.074
63. Current log-likelihood: -165950.283
64. Current log-likelihood: -165949.439
65. Current log-likelihood: -165948.535
66. Current log-likelihood: -165947.499
67. Current log-likelihood: -165946.469
68. Current log-likelihood: -165945.368
69. Current log-likelihood: -165944.191
70. Current log-likelihood: -165942.933
71. Current log-likelihood: -165941.583
72. Current log-likelihood: -165940.136
73. Current log-likelihood: -165938.582
74. Current log-likelihood: -165936.910
75. Current log-likelihood: -165935.107
76. Current log-likelihood: -165933.158
77. Current log-likelihood: -165931.051
78. Current log-likelihood: -165928.767
79. Current log-likelihood: -165926.282
80. Current log-likelihood: -165923.577
81. Current log-likelihood: -165920.628
82. Current log-likelihood: -165917.427
83. Current log-likelihood: -165913.978
84. Current log-likelihood: -165910.326
85. Current log-likelihood: -165906.564
86. Current log-likelihood: -165902.847
87. Current log-likelihood: -165899.361
88. Current log-likelihood: -165896.263
89. Current log-likelihood: -165893.644
90. Current log-likelihood: -165891.511
91. Current log-likelihood: -165889.825
92. Current log-likelihood: -165888.530
93. Current log-likelihood: -165887.470
94. Current log-likelihood: -165886.735
95. Current log-likelihood: -165886.202
96. Current log-likelihood: -165885.825
97. Current log-likelihood: -165885.555
98. Current log-likelihood: -165885.370
99. Current log-likelihood: -165885.250
Optimal log-likelihood: -165885.250
Rate parameters:  A-C: 1.51883  A-G: 8.84240  A-T: 0.71322  C-G: 0.27580  C-T: 10.40824  G-T: 1.00000
Base frequencies:  A: 0.284  C: 0.221  G: 0.234  T: 0.260
Site proportion and rates:  (0.593,0.081) (0.183,1.534) (0.091,1.534) (0.126,3.580) (0.006,9.461) (0.001,33.284)
Parameters optimization took 99 rounds (2341.623 sec)
Computing ML distances based on estimated model parameters... 212.872 sec
Computing BIONJ tree...
2.129 seconds
Log-likelihood of BIONJ tree: -170979.226
--------------------------------------------------------------------
|             INITIALIZING CANDIDATE TREE SET                      |
--------------------------------------------------------------------
Generating 98 parsimony trees... 271.675 second
Computing log-likelihood of 98 initial trees ... 106.671 seconds
Current best score: -165857.898

Do NNI search on 20 best initial trees
Estimate model parameters (epsilon = 0.100)
BETTER TREE FOUND at iteration 1: -165671.948
Estimate model parameters (epsilon = 0.100)
BETTER TREE FOUND at iteration 2: -165667.533
Estimate model parameters (epsilon = 0.100)
BETTER TREE FOUND at iteration 3: -165653.160
Iteration 10 / LogL: -165678.190 / Time: 1h:7m:48s
Iteration 20 / LogL: -165722.102 / Time: 1h:14m:56s
Finish initializing candidate tree set (20)
Current best tree score: -165653.160 / CPU time: 1348.071
Number of iterations: 20
--------------------------------------------------------------------
|               OPTIMIZING CANDIDATE TREE SET                      |
--------------------------------------------------------------------
Estimate model parameters (epsilon = 0.100)
BETTER TREE FOUND at iteration 24: -165640.873
Iteration 30 / LogL: -165774.409 / Time: 1h:20m:38s (4h:21m:13s left)
Estimate model parameters (epsilon = 0.100)
BETTER TREE FOUND at iteration 33: -165619.524
Iteration 40 / LogL: -165789.056 / Time: 1h:26m:18s (3h:25m:42s left)
Iteration 50 / LogL: -165864.296 / Time: 1h:31m:33s (2h:35m:1s left)
Log-likelihood cutoff on original alignment: -165791.125
Iteration 60 / LogL: -166061.530 / Time: 1h:36m:57s (1h:59m:54s left)
Iteration 70 / LogL: -165675.519 / Time: 1h:42m:36s (1h:33m:38s left)
Iteration 80 / LogL: -165749.637 / Time: 1h:47m:47s (1h:12m:16s left)
Iteration 90 / LogL: -165639.161 / Time: 1h:53m:5s (0h:54m:37s left)
Iteration 100 / LogL: -165773.687 / Time: 1h:58m:28s (0h:39m:28s left)
Log-likelihood cutoff on original alignment: -165778.491
NOTE: Bootstrap correlation coefficient of split occurrence frequencies: 0.999
Iteration 110 / LogL: -165645.845 / Time: 2h:4m:6s (1h:42m:26s left)
Iteration 120 / LogL: -165645.518 / Time: 2h:9m:31s (1h:27m:3s left)
Iteration 130 / LogL: -165697.936 / Time: 2h:15m:9s (1h:13m:18s left)
TREE SEARCH COMPLETED AFTER 134 ITERATIONS / Time: 2h:17m:27s

--------------------------------------------------------------------
|                    FINALIZING TREE SEARCH                        |
--------------------------------------------------------------------
Performs final model parameters optimization
Estimate model parameters (epsilon = 0.010)
1. Initial log-likelihood: -165619.524
2. Current log-likelihood: -165619.509
Optimal log-likelihood: -165619.503
Rate parameters:  A-C: 1.50890  A-G: 8.84735  A-T: 0.71286  C-G: 0.27465  C-T: 10.40558  G-T: 1.00000
Base frequencies:  A: 0.284  C: 0.221  G: 0.234  T: 0.260
Site proportion and rates:  (0.593,0.080) (0.186,1.551) (0.093,1.551) (0.121,3.651) (0.005,9.769) (0.001,35.306)
Parameters optimization took 2 rounds (27.537 sec)
BEST SCORE FOUND : -165619.503
Creating bootstrap support values...
Split supports printed to NEXUS file PHL/Alignment/PHL_combined_aligned.fasta.splits.nex
Total tree length: 3.050

Total number of iterations: 134
CPU time used for tree search: 24086.297 sec (6h:41m:26s)
Wall-clock time used for tree search: 5099.239 sec (1h:24m:59s)
Total CPU time used: 37707.472 sec (10h:28m:27s)
Total wall-clock time used: 8282.149 sec (2h:18m:2s)

Computing bootstrap consensus tree...
Reading input file PHL/Alignment/PHL_combined_aligned.fasta.splits.nex...
1124 taxa and 6944 splits.
Consensus tree written to PHL/Alignment/PHL_combined_aligned.fasta.contree
Reading input trees file PHL/Alignment/PHL_combined_aligned.fasta.contree
Log-likelihood of consensus tree: -165608.096

Analysis results written to: 
  IQ-TREE report:                PHL/Alignment/PHL_combined_aligned.fasta.iqtree
  Maximum-likelihood tree:       PHL/Alignment/PHL_combined_aligned.fasta.treefile
  Likelihood distances:          PHL/Alignment/PHL_combined_aligned.fasta.mldist

Ultrafast bootstrap approximation results written to:
  Split support values:          PHL/Alignment/PHL_combined_aligned.fasta.splits.nex
  Consensus tree:                PHL/Alignment/PHL_combined_aligned.fasta.contree
  Screen log file:               PHL/Alignment/PHL_combined_aligned.fasta.log

Date and Time: Tue Dec 16 17:49:40 2025
